../Core/Src/main.c:18:6:Clock_HSE_Init	16	static
../Core/Src/main.c:26:6:Clock_PLL_Init	24	static
../Core/Src/main.c:73:6:LED_Init	24	static
../Core/Src/main.c:102:6:LED_ctrl	24	static
../Core/Src/main.c:115:6:button_init	24	static
../Core/Src/main.c:128:6:get_button	16	static
../Core/Src/main.c:136:6:delay	4	static
../Core/Src/main.c:153:6:TIM4_PWM_Init	48	static
../Core/Src/main.c:183:6:Modify_PWM	24	static
../Core/Src/main.c:192:6:Time5_Capture	48	static
../Core/Src/main.c:235:6:main	8	static
